<html>
<body>
<pre>
<h1>µVision Build Log</h1>
<h2>Project:</h2>
C:\Keil\Labware\Lab15_SpaceInvaders\SpaceInvaders.uvproj
Project File Date:  03/20/2020

<h2>Output:</h2>
Build target 'SpaceInvaders'
compiling SpaceInvaders.c...
SpaceInvaders.c(185): warning:  #1295-D: Deprecated declaration interfaceInit - give arg types
  void interfaceInit();
SpaceInvaders.c(186): warning:  #1295-D: Deprecated declaration printScore - give arg types
  void printScore();
SpaceInvaders.c(188): warning:  #1295-D: Deprecated declaration moveRight - give arg types
  void moveRight();
SpaceInvaders.c(189): warning:  #1295-D: Deprecated declaration markIt - give arg types
  void markIt();
SpaceInvaders.c(190): warning:  #1295-D: Deprecated declaration clearBoard - give arg types
  void clearBoard();
SpaceInvaders.c(191): warning:  #1295-D: Deprecated declaration isFull - give arg types
  char isFull(); 
SpaceInvaders.c(192): warning:  #1295-D: Deprecated declaration getGameState - give arg types
  int getGameState() ;
SpaceInvaders.c(193): warning:  #1295-D: Deprecated declaration playOptimally - give arg types
  void playOptimally() ;
SpaceInvaders.c(197): warning:  #1295-D: Deprecated declaration calculateHeuristics - give arg types
  int calculateHeuristics() ;
SpaceInvaders.c(198): warning:  #1295-D: Deprecated declaration updateBoard - give arg types
  void updateBoard() ;
SpaceInvaders.c: 10 warnings, 0 errors
linking...
Program Size: Code=4980 RO-data=3484 RW-data=84 ZI-data=1692  
".\SpaceInvaders.axf" - 0 Error(s), 10 Warning(s).
</pre>
</body>
</html>
ta=1692  
".\SpaceInvaders.axf" - 0 Error(s), 11 Warning(s).
ram Size: Code=4976 RO-data=3484 RW-data=84 ZI-data=1692  
".\SpaceInvaders.axf" - 0 Error(s), 12 Warning(s).
= runMiniMax(boardState ,0,0);
SpaceInvaders.c(485): error:  #140: too many arguments in function call
                                          currentValue = runMiniMax(boardState ,0,0);
SpaceInvaders.c: 12 warnings, 2 errors
".\SpaceInvaders.axf" - 2 Error(s), 12 Warning(s).
Target not created
rs
".\SpaceInvaders.axf" - 2 Error(s), 14 Warning(s).
Target not created

